2025-11-02 02:24:18,598 | INFO | Inserted reading for Delhi,IN | temp=20.05 humidity=73 aqi=269 (src=coords)
2025-11-02 02:24:22,460 | INFO | Inserted reading for Bengaluru,IN | temp=20.38 humidity=81 aqi=104 (src=coords)
2025-11-02 02:24:26,081 | INFO | Inserted reading for Ranchi,IN | temp=21.06 humidity=88 aqi=14 (src=coords)
2025-11-02 02:24:29,582 | INFO | Inserted reading for Dehradun,IN | temp=17.79 humidity=82 aqi=159 (src=coords)
2025-11-02 02:24:33,147 | INFO | Inserted reading for Mumbai,IN | temp=25.99 humidity=89 aqi=56 (src=coords)
2025-11-02 02:24:36,664 | INFO | Inserted reading for Kolkata,IN | temp=24.97 humidity=88 aqi=87 (src=coords)
2025-11-02 02:24:40,121 | INFO | Inserted reading for Chennai,IN | temp=28.49 humidity=88 aqi=70 (src=coords)
2025-11-02 02:24:43,579 | INFO | Inserted reading for Tokyo,JP | temp=14.37 humidity=74 aqi=34 (src=coords)
2025-11-02 02:24:47,020 | INFO | Inserted reading for Osaka,JP | temp=11.18 humidity=84 aqi=50 (src=coords)
2025-11-02 02:24:50,490 | INFO | Inserted reading for New York,US | temp=14.4 humidity=40 aqi=20 (src=coords)
2025-11-02 02:24:53,933 | INFO | Inserted reading for London,GB | temp=10.03 humidity=89 aqi=17 (src=coords)
2025-11-02 02:24:57,399 | INFO | Inserted reading for Sydney,AU | temp=18.15 humidity=93 aqi=23 (src=coords)
2025-11-02 02:27:18,389 | INFO | Inserted reading for Delhi,IN | temp=20.05 humidity=73 aqi=269 (src=coords)
2025-11-02 02:27:21,805 | INFO | Inserted reading for Bengaluru,IN | temp=20.38 humidity=81 aqi=104 (src=coords)
2025-11-02 02:27:25,362 | INFO | Inserted reading for Ranchi,IN | temp=21.06 humidity=88 aqi=15 (src=coords)
2025-11-02 02:27:28,728 | INFO | Inserted reading for Dehradun,IN | temp=17.79 humidity=82 aqi=159 (src=coords)
2025-11-02 02:27:32,250 | INFO | Inserted reading for Mumbai,IN | temp=25.99 humidity=89 aqi=57 (src=coords)
2025-11-02 02:27:35,884 | INFO | Inserted reading for Kolkata,IN | temp=24.97 humidity=88 aqi=87 (src=coords)
2025-11-02 02:27:39,585 | INFO | Inserted reading for Chennai,IN | temp=28.49 humidity=88 aqi=70 (src=coords)
2025-11-02 02:27:43,228 | INFO | Inserted reading for Tokyo,JP | temp=14.37 humidity=74 aqi=34 (src=coords)
2025-11-02 02:27:46,741 | INFO | Inserted reading for Osaka,JP | temp=11.18 humidity=84 aqi=50 (src=coords)
2025-11-02 02:27:50,260 | INFO | Inserted reading for New York,US | temp=14.4 humidity=40 aqi=20 (src=coords)
2025-11-02 02:27:53,850 | INFO | Inserted reading for London,GB | temp=10.03 humidity=89 aqi=17 (src=coords)
2025-11-02 02:27:57,273 | INFO | Inserted reading for Sydney,AU | temp=18.15 humidity=93 aqi=22 (src=coords)
